// Jest Snapshot v1, https://goo.gl/fbAQLP

exports[`<AppRouter /> renders with default props 1`] = `
<div>
  <Route
    component={[Function]}
    exact={true}
    path="undefined/"
  />
  <Route
    component={[Function]}
    exact={true}
    key="inbox"
    path="undefined/inbox"
  />
  <Route
    component={[Function]}
    exact={true}
    key="mailbox"
    path="undefined/mailbox"
  />
  <Route
    component={[Function]}
    exact={true}
    key="calendar"
    path="undefined/calendar"
  />
  <Route
    component={[Function]}
    exact={true}
    key="googlemap"
    path="undefined/googlemap"
  />
  <Route
    component={[Function]}
    exact={true}
    key="leafletmap"
    path="undefined/leafletmap"
  />
  <Route
    component={[Function]}
    exact={true}
    key="table_ant"
    path="undefined/table_ant"
  />
  <Route
    component={[Function]}
    exact={true}
    key="allFormComponent"
    path="undefined/allFormComponent"
  />
  <Route
    component={[Function]}
    exact={true}
    key="InputField"
    path="undefined/InputField"
  />
  <Route
    component={[Function]}
    exact={true}
    key="editor"
    path="undefined/editor"
  />
  <Route
    component={[Function]}
    exact={true}
    key="stepperForms"
    path="undefined/stepperForms"
  />
  <Route
    component={[Function]}
    exact={true}
    key="FormsWithValidation"
    path="undefined/FormsWithValidation"
  />
  <Route
    component={[Function]}
    exact={true}
    key="progress"
    path="undefined/progress"
  />
  <Route
    component={[Function]}
    exact={true}
    key="ladda_button"
    path="undefined/ladda_button"
  />
  <Route
    component={[Function]}
    exact={true}
    key="button"
    path="undefined/button"
  />
  <Route
    component={[Function]}
    exact={true}
    key="tab"
    path="undefined/tab"
  />
  <Route
    component={[Function]}
    exact={true}
    key="autocomplete"
    path="undefined/autocomplete"
  />
  <Route
    component={[Function]}
    exact={true}
    key="checkbox"
    path="undefined/checkbox"
  />
  <Route
    component={[Function]}
    exact={true}
    key="radiobox"
    path="undefined/radiobox"
  />
  <Route
    component={[Function]}
    exact={true}
    key="selectbox"
    path="undefined/selectbox"
  />
  <Route
    component={[Function]}
    exact={true}
    key="transfer"
    path="undefined/transfer"
  />
  <Route
    component={[Function]}
    exact={true}
    key="gridLayout"
    path="undefined/gridLayout"
  />
  <Route
    component={[Function]}
    exact={true}
    key="notes"
    path="undefined/notes"
  />
  <Route
    component={[Function]}
    exact={true}
    key="todo"
    path="undefined/todo"
  />
  <Route
    component={[Function]}
    exact={true}
    key="contacts"
    path="undefined/contacts"
  />
  <Route
    component={[Function]}
    exact={true}
    key="alert"
    path="undefined/alert"
  />
  <Route
    component={[Function]}
    exact={true}
    key="modal"
    path="undefined/modal"
  />
  <Route
    component={[Function]}
    exact={true}
    key="message"
    path="undefined/message"
  />
  <Route
    component={[Function]}
    exact={true}
    key="notification"
    path="undefined/notification"
  />
  <Route
    component={[Function]}
    exact={true}
    key="Popconfirm"
    path="undefined/Popconfirm"
  />
  <Route
    component={[Function]}
    exact={true}
    key="spin"
    path="undefined/spin"
  />
  <Route
    component={[Function]}
    exact={true}
    key="shuffle"
    path="undefined/shuffle"
  />
  <Route
    component={[Function]}
    exact={true}
    key="affix"
    path="undefined/affix"
  />
  <Route
    component={[Function]}
    exact={true}
    key="breadcrumb"
    path="undefined/breadcrumb"
  />
  <Route
    component={[Function]}
    exact={true}
    key="backToTop"
    path="undefined/backToTop"
  />
  <Route
    component={[Function]}
    exact={true}
    key="dropdown"
    path="undefined/dropdown"
  />
  <Route
    component={[Function]}
    exact={true}
    key="op_badge"
    path="undefined/op_badge"
  />
  <Route
    component={[Function]}
    exact={true}
    key="op_card"
    path="undefined/op_card"
  />
  <Route
    component={[Function]}
    exact={true}
    key="op_carousel"
    path="undefined/op_carousel"
  />
  <Route
    component={[Function]}
    exact={true}
    key="op_collapse"
    path="undefined/op_collapse"
  />
  <Route
    component={[Function]}
    exact={true}
    key="op_tooltip"
    path="undefined/op_tooltip"
  />
  <Route
    component={[Function]}
    exact={true}
    key="rating"
    path="undefined/rating"
  />
  <Route
    component={[Function]}
    exact={true}
    key="tree"
    path="undefined/tree"
  />
  <Route
    component={[Function]}
    exact={true}
    key="op_tag"
    path="undefined/op_tag"
  />
  <Route
    component={[Function]}
    exact={true}
    key="op_timeline"
    path="undefined/op_timeline"
  />
  <Route
    component={[Function]}
    exact={true}
    key="op_popover"
    path="undefined/op_popover"
  />
  <Route
    component={[Function]}
    exact={true}
    key="googleChart"
    path="undefined/googleChart"
  />
  <Route
    component={[Function]}
    exact={true}
    key="reecharts"
    path="undefined/reecharts"
  />
  <Route
    component={[Function]}
    exact={true}
    key="reactVis"
    path="undefined/reactVis"
  />
  <Route
    component={[Function]}
    exact={true}
    key="menu"
    path="undefined/menu"
  />
  <Route
    component={[Function]}
    exact={true}
    key="ReactChart2"
    path="undefined/ReactChart2"
  />
  <Route
    component={[Function]}
    exact={true}
    key="pagination"
    path="undefined/pagination"
  />
  <Route
    component={[Function]}
    exact={true}
    key="reactTrend"
    path="undefined/reactTrend"
  />
  <Route
    component={[Function]}
    exact={true}
    key="card"
    path="undefined/card"
  />
  <Route
    component={[Function]}
    exact={true}
    key="cart"
    path="undefined/cart"
  />
  <Route
    component={[Function]}
    exact={true}
    key="checkout"
    path="undefined/checkout"
  />
  <Route
    component={[Function]}
    exact={true}
    key="shop"
    path="undefined/shop"
  />
  <Route
    component={[Function]}
    exact={true}
    key="reactDates"
    path="undefined/reactDates"
  />
  <Route
    component={[Function]}
    exact={true}
    key="codeMirror"
    path="undefined/codeMirror"
  />
  <Route
    component={[Function]}
    exact={true}
    key="uppy"
    path="undefined/uppy"
  />
  <Route
    component={[Function]}
    exact={true}
    key="dropzone"
    path="undefined/dropzone"
  />
  <Route
    component={[Function]}
    exact={true}
    key="youtubeSearch"
    path="undefined/youtubeSearch"
  />
  <Route
    component={[Function]}
    exact={true}
    key="frappeChart"
    path="undefined/frappeChart"
  />
  <Route
    component={[Function]}
    exact={true}
    key="invoice/:invoiceId"
    path="undefined/invoice/:invoiceId"
  />
  <Route
    component={[Function]}
    exact={true}
    key="invoice"
    path="undefined/invoice"
  />
  <Route
    component={[Function]}
    exact={true}
    key="chat"
    path="undefined/chat"
  />
  <Route
    component={[Function]}
    exact={true}
    key="githubSearch"
    path="undefined/githubSearch"
  />
  <Route
    component={[Function]}
    exact={true}
    key="blank_page"
    path="undefined/blank_page"
  />
</div>
`;
